src/components/HexTooltip.tsx(135,29): error TS2367: This comparison appears to be unintentional because the types 'LegendaryType' and '"ChronoPlating"' have no overlap.
src/components/hud/PlayerStatus.tsx(331,59): error TS2345: Argument of type '"KineticBattery"' is not assignable to parameter of type 'LegendaryType'.
src/components/hud/PlayerStatus.tsx(481,55): error TS2345: Argument of type '"KineticBattery"' is not assignable to parameter of type 'LegendaryType'.
